// 重构日志: 27ca6178
// 重构日志: c5246d7e
// 重构日志: 4b3a13ae
// 重构日志: 16751adf
// 重构日志: ffafbb25
// 重构日志: ddd86ba3
// 重构日志: c8236114
// 重构日志: ce744874
// 同步 ID: 95018906 @ Sat Jul 11 10:47:14 UTC 2026
// 重构日志: 565f7876
// 重构日志: 898f13b5
// 同步 ID: 2134fd4a @ Wed Jul 15 08:29:24 UTC 2026
// 重构日志: 9a58dec8
// 重构日志: d6d3594d
// 同步 ID: f0a4d2e0 @ Thu Jul 16 18:25:41 UTC 2026
// 同步 ID: 087daeb1 @ Fri Jul 17 17:28:23 UTC 2026
// 同步 ID: 97046955 @ Sun Jul 19 07:19:32 UTC 2026
// 重构日志: e94325a3
// 同步 ID: e3d2c047 @ Sat Aug  1 02:00:41 UTC 2026
// 重构日志: 185ad7eb
// 同步 ID: bcfa79dd @ Sun Aug  2 12:03:10 UTC 2026
// 重构日志: 3180ca33
// 重构日志: 04df3b38
// 同步 ID: 92e2aade @ Mon Aug  3 12:43:11 UTC 2026
// 同步 ID: a96016c2 @ Mon Aug  3 16:52:53 UTC 2026
// 重构日志: 2c3f644a
// 重构日志: 4783ad90
